🚀 [INIT] Tiếp nhận Monorepo Open Source: car-booking
   - Repository : https://github.com/paviliondd/car-booking.git
   - Backend API: api-car-booking.vibe.quyenlt.com
   - Frontend UI: car-booking.vibe.quyenlt.com
   - Database   : POSTGRESQL (Auto-Schema / Empty)
---------------------------------------------------

=== [BẮT ĐẦU TRIỂN KHAI MONOREPO OPEN SOURCE] car-booking ===
[1] Đang kéo mã nguồn từ GitHub Monorepo...
> Chạy lệnh: rm -rf /opt/vibe-hosting/workspaces/car-booking-monorepo
> Chạy lệnh: git clone https://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@github.com/paviliondd/car-booking.git /opt/vibe-hosting/workspaces/car-booking-monorepo
[2] Nhận diện cấu trúc:
   - Backend  : ./backend
   - Frontend : ./frontend

[3] Khởi tạo Database rỗng (POSTGRESQL)...
> Chạy lệnh: kubectl apply -f /opt/vibe-hosting/workspaces/car-booking-monorepo/k8s/db.yaml
persistentvolumeclaim/car-booking-db-pvc created
statefulset.apps/car-booking-db created
service/car-booking-db-svc created

   -> Đang đợi Pod Database sẵn sàng...
   -> [Config] Đã sinh tự động các cấu hình: ['JWT_SECRET', 'JWT_EXPIRES_IN', 'REFRESH_TOKEN_SECRET', 'CORS_ORIGIN', 'APP_NAME', 'DATABASE_URL']

[4] Cấu hình và Build Backend (api-car-booking.vibe.quyenlt.com)...
[AI] Đang phân tích mã nguồn Backend và cấu hình kết nối DB...
⏳ Đang kết nối Model: [stepfun/step-3.7-flash:free]...
✅ Model [stepfun/step-3.7-flash:free] xử lý thành công!
   -> Cổng hoạt động của Backend: 8080
   -> [Config Backend] Start Command: 'npx prisma db push && npm run start:prod'
> Chạy lệnh: nixpacks build . --name tobi1008/car-booking-be:latest

╔══════════════════════════════ Nixpacks v1.41.0 ═════════════════════════════╗
║ setup      │ nodejs_22, npm-9_x, openssl                                    ║
║─────────────────────────────────────────────────────────────────────────────║
║ install    │ npm ci --ignore-scripts                                        ║
║            │ NODE_OPTIONS=--experimental-require-module npx prisma generate ║
║─────────────────────────────────────────────────────────────────────────────║
║ build      │ npm run build                                                  ║
║─────────────────────────────────────────────────────────────────────────────║
║ start      │ npx prisma db push && npm run start:prod                       ║
╚═════════════════════════════════════════════════════════════════════════════╝

=== Successfully Built! ===

Run:
  docker run -it tobi1008/car-booking-be:latest

> Chạy lệnh: docker push tobi1008/car-booking-be:latest
The push refers to repository [docker.io/tobi1008/car-booking-be]
ea0fb7e15327: Waiting
44136fa355b3: Waiting
7962e2b983fd: Waiting
2726e237d1a3: Waiting
ea0fb7e15327: Waiting
44136fa355b3: Waiting
7962e2b983fd: Waiting
2726e237d1a3: Waiting
7962e2b983fd: Waiting
2726e237d1a3: Waiting
ea0fb7e15327: Waiting
44136fa355b3: Waiting
ea0fb7e15327: Waiting
44136fa355b3: Waiting
7962e2b983fd: Waiting
2726e237d1a3: Waiting
ea0fb7e15327: Waiting
44136fa355b3: Waiting
7962e2b983fd: Waiting
2726e237d1a3: Waiting
2726e237d1a3: Waiting
ea0fb7e15327: Waiting
44136fa355b3: Waiting
7962e2b983fd: Waiting
7962e2b983fd: Waiting
2726e237d1a3: Waiting
ea0fb7e15327: Waiting
44136fa355b3: Waiting
ea0fb7e15327: Waiting
44136fa355b3: Waiting
7962e2b983fd: Waiting
2726e237d1a3: Waiting
ea0fb7e15327: Waiting
44136fa355b3: Waiting
7962e2b983fd: Waiting
2726e237d1a3: Waiting
44136fa355b3: Waiting
7962e2b983fd: Waiting
2726e237d1a3: Waiting
ea0fb7e15327: Waiting
44136fa355b3: Waiting
7962e2b983fd: Waiting
2726e237d1a3: Waiting
ea0fb7e15327: Waiting
ea0fb7e15327: Waiting
44136fa355b3: Waiting
7962e2b983fd: Waiting
2726e237d1a3: Waiting
2726e237d1a3: Waiting
ea0fb7e15327: Waiting
44136fa355b3: Waiting
7962e2b983fd: Waiting
ea0fb7e15327: Waiting
44136fa355b3: Waiting
7962e2b983fd: Waiting
2726e237d1a3: Waiting
7962e2b983fd: Waiting
2726e237d1a3: Waiting
b65af0a51d86: Waiting
ea0fb7e15327: Waiting
44136fa355b3: Already exists
7962e2b983fd: Waiting
2726e237d1a3: Waiting
b65af0a51d86: Waiting
ea0fb7e15327: Waiting
7962e2b983fd: Waiting
2726e237d1a3: Waiting
b65af0a51d86: Waiting
ea0fb7e15327: Waiting
ea0fb7e15327: Waiting
866b26ac4e47: Waiting
7962e2b983fd: Layer already exists
2726e237d1a3: Waiting
b65af0a51d86: Waiting
866b26ac4e47: Waiting
2726e237d1a3: Waiting
b65af0a51d86: Waiting
ea0fb7e15327: Waiting
866b26ac4e47: Waiting
ae28d8886667: Waiting
2726e237d1a3: Layer already exists
b65af0a51d86: Waiting
ea0fb7e15327: Waiting
eaf68207451e: Waiting
ea0fb7e15327: Waiting
866b26ac4e47: Layer already exists
ae28d8886667: Waiting
60b3e24278f1: Waiting
b65af0a51d86: Layer already exists
ae28d8886667: Waiting
60b3e24278f1: Waiting
eaf68207451e: Waiting
29a87608216a: Waiting
80a5edf37e93: Waiting
ae28d8886667: Layer already exists
60b3e24278f1: Layer already exists
2d1bd1f209f1: Waiting
eaf68207451e: Layer already exists
29a87608216a: Waiting
80a5edf37e93: Waiting
2d1bd1f209f1: Waiting
80a5edf37e93: Waiting
2d1bd1f209f1: Waiting
29a87608216a: Waiting
80a5edf37e93: Waiting
2d1bd1f209f1: Waiting
29a87608216a: Waiting
29a87608216a: Waiting
80a5edf37e93: Waiting
2d1bd1f209f1: Waiting
2d1bd1f209f1: Waiting
29a87608216a: Waiting
80a5edf37e93: Waiting
ea0fb7e15327: Pushed
4f4fb700ef54: Waiting
4f4fb700ef54: Waiting
4f4fb700ef54: Layer already exists
57c500604c2b: Waiting
57c500604c2b: Waiting
3d0b8871672b: Waiting
57c500604c2b: Waiting
3d0b8871672b: Waiting
57c500604c2b: Waiting
3d0b8871672b: Waiting
3d0b8871672b: Waiting
57c500604c2b: Waiting
57c500604c2b: Waiting
3d0b8871672b: Waiting
57c500604c2b: Waiting
3d0b8871672b: Waiting
80a5edf37e93: Pushed
4f4fb700ef54: Layer already exists
3d0b8871672b: Pushed
57c500604c2b: Pushed
29a87608216a: Pushed
2d1bd1f209f1: Pushed
latest: digest: sha256:ff902a0edbedb2f32a65b51b23f38be2b398f97c2ec39b98dd5d9586a4b70ed7 size: 856

> Chạy lệnh: kubectl apply -f /opt/vibe-hosting/workspaces/car-booking-monorepo/backend/k8s/deployment.yaml
deployment.apps/car-booking-be created

> Chạy lệnh: kubectl apply -f /opt/vibe-hosting/workspaces/car-booking-monorepo/backend/k8s/service.yaml
service/car-booking-be-svc created

> Chạy lệnh: kubectl apply -f /opt/vibe-hosting/workspaces/car-booking-monorepo/backend/k8s/ingress.yaml
ingress.networking.k8s.io/car-booking-be-ingress created

✅ Backend Monorepo online: https://api-car-booking.vibe.quyenlt.com

[5] Cấu hình và Build Frontend (car-booking.vibe.quyenlt.com)...
[FE Linker] Đang liên kết Frontend tới Backend API (https://api-car-booking.vibe.quyenlt.com)...
   -> [Next.js Patch] Đã tắt 'output: standalone' trong next.config.ts.
   -> [FE Patch] Đang cấu hình URL API Backend: https://api-car-booking.vibe.quyenlt.com/api
   -> [FE Patch] Đã thay thế localhost trong: src/app/booking/page.tsx
   -> [FE Patch] Đã thay thế localhost trong: src/app/owner/page.tsx
   -> [FE Patch] Đã thay thế localhost trong: src/lib/api.ts
   -> [FE Patch] Đã thay thế localhost trong: src/lib/api/dashboard.ts
> Chạy lệnh: nixpacks build . --name tobi1008/car-booking-fe:latest

╔════════ Nixpacks v1.41.0 ═══════╗
║ setup      │ nodejs_22, npm-9_x ║
║─────────────────────────────────║
║ install    │ npm ci             ║
║─────────────────────────────────║
║ build      │ npm run build      ║
║─────────────────────────────────║
║ start      │ npm run start      ║
╚═════════════════════════════════╝

=== Successfully Built! ===

Run:
  docker run -it tobi1008/car-booking-fe:latest

> Chạy lệnh: docker push tobi1008/car-booking-fe:latest
The push refers to repository [docker.io/tobi1008/car-booking-fe]
78025df07e1b: Waiting
44136fa355b3: Waiting
7962e2b983fd: Waiting
2726e237d1a3: Waiting
44136fa355b3: Waiting
7962e2b983fd: Waiting
2726e237d1a3: Waiting
78025df07e1b: Waiting
44136fa355b3: Waiting
7962e2b983fd: Waiting
2726e237d1a3: Waiting
78025df07e1b: Waiting
78025df07e1b: Waiting
44136fa355b3: Waiting
7962e2b983fd: Waiting
2726e237d1a3: Waiting
2726e237d1a3: Waiting
78025df07e1b: Waiting
44136fa355b3: Waiting
7962e2b983fd: Waiting
78025df07e1b: Waiting
44136fa355b3: Waiting
7962e2b983fd: Waiting
2726e237d1a3: Waiting
78025df07e1b: Waiting
44136fa355b3: Waiting
7962e2b983fd: Waiting
2726e237d1a3: Waiting
7962e2b983fd: Waiting
2726e237d1a3: Waiting
78025df07e1b: Waiting
44136fa355b3: Waiting
78025df07e1b: Waiting
44136fa355b3: Waiting
7962e2b983fd: Waiting
2726e237d1a3: Waiting
78025df07e1b: Waiting
44136fa355b3: Waiting
7962e2b983fd: Waiting
2726e237d1a3: Waiting
78025df07e1b: Waiting
44136fa355b3: Waiting
7962e2b983fd: Waiting
2726e237d1a3: Waiting
78025df07e1b: Waiting
44136fa355b3: Waiting
7962e2b983fd: Waiting
2726e237d1a3: Waiting
78025df07e1b: Waiting
44136fa355b3: Waiting
7962e2b983fd: Waiting
2726e237d1a3: Waiting
78025df07e1b: Waiting
44136fa355b3: Waiting
7962e2b983fd: Waiting
2726e237d1a3: Waiting
78025df07e1b: Waiting
44136fa355b3: Waiting
7962e2b983fd: Waiting
2726e237d1a3: Layer already exists
866b26ac4e47: Waiting
78025df07e1b: Waiting
44136fa355b3: Waiting
7962e2b983fd: Layer already exists
b65af0a51d86: Waiting
78025df07e1b: Waiting
44136fa355b3: Waiting
b65af0a51d86: Waiting
866b26ac4e47: Waiting
78025df07e1b: Waiting
44136fa355b3: Already exists
ae28d8886667: Waiting
b65af0a51d86: Waiting
866b26ac4e47: Waiting
78025df07e1b: Waiting
ae28d8886667: Waiting
b65af0a51d86: Waiting
866b26ac4e47: Waiting
b65af0a51d86: Waiting
866b26ac4e47: Waiting
78025df07e1b: Waiting
ae28d8886667: Waiting
8a2bd2de3116: Waiting
0dc3bd1bbbf0: Waiting
78025df07e1b: Waiting
43512c0e41ce: Waiting
ae28d8886667: Layer already exists
b65af0a51d86: Layer already exists
866b26ac4e47: Layer already exists
8a2bd2de3116: Waiting
0dc3bd1bbbf0: Waiting
43512c0e41ce: Waiting
4f4fb700ef54: Waiting
8a2bd2de3116: Layer already exists
0dc3bd1bbbf0: Waiting
43512c0e41ce: Layer already exists
7637fd521818: Waiting
0dc3bd1bbbf0: Waiting
7637fd521818: Waiting
4f4fb700ef54: Waiting
0dc3bd1bbbf0: Waiting
7637fd521818: Waiting
4f4fb700ef54: Waiting
0dc3bd1bbbf0: Waiting
0650a21f6c2c: Waiting
7637fd521818: Waiting
4f4fb700ef54: Layer already exists
0650a21f6c2c: Waiting
7637fd521818: Waiting
0650a21f6c2c: Waiting
7637fd521818: Waiting
0650a21f6c2c: Waiting
0650a21f6c2c: Waiting
6e48fb66e674: Waiting
78025df07e1b: Pushed
6e48fb66e674: Waiting
6e48fb66e674: Waiting
6e48fb66e674: Waiting
6e48fb66e674: Waiting
6e48fb66e674: Waiting
4f4fb700ef54: Layer already exists
0dc3bd1bbbf0: Pushed
6e48fb66e674: Pushed
0650a21f6c2c: Pushed
7637fd521818: Pushed
latest: digest: sha256:91f3ca3b6719770e67d21133b00991a31b55727978a7287b5439addd8ee257fd size: 856

> Chạy lệnh: kubectl apply -f /opt/vibe-hosting/workspaces/car-booking-monorepo/frontend/k8s/deployment.yaml
deployment.apps/car-booking-fe created

> Chạy lệnh: kubectl apply -f /opt/vibe-hosting/workspaces/car-booking-monorepo/frontend/k8s/service.yaml
service/car-booking-fe-svc created

> Chạy lệnh: kubectl apply -f /opt/vibe-hosting/workspaces/car-booking-monorepo/frontend/k8s/ingress.yaml
ingress.networking.k8s.io/car-booking-fe-ingress created

✅ Frontend Monorepo online: https://car-booking.vibe.quyenlt.com

=== HOÀN TẤT TRIỂN KHAI MONOREPO ===
Backend : https://api-car-booking.vibe.quyenlt.com
Frontend: https://car-booking.vibe.quyenlt.com
DONE
🤖 [Hermes AI] Đang gửi phân tích tới Model [stepfun/step-3.7-flash:free]...
🤖 [Hermes AI] Đang gửi phân tích tới Model [stepfun/step-3.7-flash:free]...
⚠️ Model [stepfun/step-3.7-flash:free] gặp Rate Limit 429. Đang chuyển sang model tiếp theo...
🤖 [Hermes AI] Đang gửi phân tích tới Model [poolside/laguna-s-2.1:free]...
🤖 [Hermes AI] Đang gửi phân tích tới Model [stepfun/step-3.7-flash:free]...
🤖 [Hermes AI] Đang gửi phân tích tới Model [poolside/laguna-s-2.1:free]...
🤖 [Hermes AI] Đang gửi phân tích tới Model [upstage/solar-pro4:free]...
🤖 [Hermes AI] Đang gửi phân tích tới Model [stepfun/step-3.7-flash:free]...
⚠️ Model [stepfun/step-3.7-flash:free] gặp Rate Limit 429. Đang chuyển sang model tiếp theo...
🤖 [Hermes AI] Đang gửi phân tích tới Model [poolside/laguna-s-2.1:free]...
⚠️ Model [poolside/laguna-s-2.1:free] gặp Rate Limit 429. Đang chuyển sang model tiếp theo...
🤖 [Hermes AI] Đang gửi phân tích tới Model [upstage/solar-pro4:free]...
