=== [BẮT ĐẦU DEPLOY] javascripts ===
[1] Đang clone repo: https://github.com/tobi1008/testvibecode.git...
> Chạy lệnh: git clone https://github.com/tobi1008/testvibecode.git /opt/vibe-hosting/workspaces/javascripts
[2] Đang quét cấu trúc mã nguồn...
> Chạy lệnh: tree -I node_modules|.git|venv /opt/vibe-hosting/workspaces/javascripts
/opt/vibe-hosting/workspaces/javascripts
├── index.html
├── metadata.json
├── package.json
├── script.js
├── style.css
├── tsconfig.json
└── vite.config.ts

0 directories, 7 files


[3] (Lần thử 1/3) Bắt đầu gọi AI phân tích mã nguồn...
⏳ Đang gửi yêu cầu tới Model: [stepfun/step-3.7-flash:free]...
✅ Model [stepfun/step-3.7-flash:free] phản hồi thành công!
 🛠️ [AUTO-HEAL] AI đang tự động vá lỗi file: vite.config.ts...
[4] Đang lưu cấu hình K3s & Nixpacks...
[5] Bắt đầu build Docker image (tobi1008/javascripts:latest)...
> Chạy lệnh: nixpacks build . --name tobi1008/javascripts:latest

╔═══════════════ Nixpacks v1.41.0 ══════════════╗
║ setup      │ nodejs_20, npm-9_x               ║
║───────────────────────────────────────────────║
║ install    │ npm i                            ║
║───────────────────────────────────────────────║
║ build      │ npm run build                    ║
║───────────────────────────────────────────────║
║ start      │ npm run build && npm run preview ║
╚═══════════════════════════════════════════════╝

=== Successfully Built! ===

Run:
  docker run -it tobi1008/javascripts:latest

[6] Đang đẩy Image lên Docker Hub (tobi1008)...
> Chạy lệnh: docker push tobi1008/javascripts:latest
The push refers to repository [docker.io/tobi1008/javascripts]
62231bcde09f: Waiting
44136fa355b3: Waiting
7962e2b983fd: Waiting
2726e237d1a3: Waiting
2726e237d1a3: Waiting
62231bcde09f: Waiting
44136fa355b3: Waiting
7962e2b983fd: Waiting
62231bcde09f: Waiting
44136fa355b3: Waiting
7962e2b983fd: Waiting
2726e237d1a3: Waiting
62231bcde09f: Waiting
44136fa355b3: Waiting
7962e2b983fd: Waiting
2726e237d1a3: Waiting
62231bcde09f: Waiting
44136fa355b3: Waiting
7962e2b983fd: Waiting
2726e237d1a3: Waiting
62231bcde09f: Waiting
44136fa355b3: Waiting
7962e2b983fd: Waiting
2726e237d1a3: Waiting
62231bcde09f: Waiting
44136fa355b3: Waiting
7962e2b983fd: Waiting
2726e237d1a3: Waiting
62231bcde09f: Waiting
44136fa355b3: Waiting
7962e2b983fd: Waiting
2726e237d1a3: Waiting
62231bcde09f: Waiting
44136fa355b3: Waiting
7962e2b983fd: Waiting
2726e237d1a3: Waiting
44136fa355b3: Waiting
7962e2b983fd: Waiting
2726e237d1a3: Waiting
62231bcde09f: Waiting
62231bcde09f: Waiting
44136fa355b3: Waiting
7962e2b983fd: Waiting
2726e237d1a3: Waiting
2726e237d1a3: Waiting
62231bcde09f: Waiting
44136fa355b3: Waiting
7962e2b983fd: Waiting
7962e2b983fd: Waiting
2726e237d1a3: Waiting
62231bcde09f: Waiting
44136fa355b3: Waiting
62231bcde09f: Waiting
44136fa355b3: Waiting
7962e2b983fd: Waiting
2726e237d1a3: Waiting
62231bcde09f: Waiting
44136fa355b3: Waiting
7962e2b983fd: Waiting
2726e237d1a3: Waiting
62231bcde09f: Waiting
44136fa355b3: Waiting
7962e2b983fd: Waiting
2726e237d1a3: Waiting
62231bcde09f: Waiting
44136fa355b3: Waiting
7962e2b983fd: Waiting
2726e237d1a3: Waiting
62231bcde09f: Waiting
44136fa355b3: Waiting
7962e2b983fd: Waiting
2726e237d1a3: Waiting
44136fa355b3: Waiting
7962e2b983fd: Waiting
2726e237d1a3: Waiting
62231bcde09f: Waiting
62231bcde09f: Waiting
44136fa355b3: Waiting
7962e2b983fd: Waiting
2726e237d1a3: Waiting
62231bcde09f: Waiting
44136fa355b3: Waiting
7962e2b983fd: Waiting
2726e237d1a3: Waiting
44136fa355b3: Waiting
7962e2b983fd: Waiting
2726e237d1a3: Waiting
44136fa355b3: Waiting
7962e2b983fd: Waiting
2726e237d1a3: Waiting
2726e237d1a3: Waiting
b65af0a51d86: Waiting
866b26ac4e47: Waiting
62231bcde09f: Pushed
b65af0a51d86: Waiting
866b26ac4e47: Waiting
ae28d8886667: Waiting
44136fa355b3: Pushed
b65af0a51d86: Waiting
866b26ac4e47: Waiting
ae28d8886667: Waiting
b65af0a51d86: Waiting
866b26ac4e47: Waiting
ae28d8886667: Waiting
ae28d8886667: Waiting
b65af0a51d86: Waiting
866b26ac4e47: Waiting
ae28d8886667: Waiting
b65af0a51d86: Waiting
866b26ac4e47: Waiting
ae28d8886667: Waiting
2ad41e34a622: Waiting
866b26ac4e47: Pushed
ae28d8886667: Pushed
2ad41e34a622: Waiting
27484d38acca: Waiting
2ad41e34a622: Waiting
27484d38acca: Waiting
27484d38acca: Waiting
2ad41e34a622: Waiting
27484d38acca: Waiting
2ad41e34a622: Waiting
27484d38acca: Waiting
2ad41e34a622: Waiting
27484d38acca: Waiting
fb032feb00bb: Waiting
2ad41e34a622: Pushed
fb032feb00bb: Waiting
fb032feb00bb: Waiting
fb032feb00bb: Waiting
fb032feb00bb: Waiting
fb032feb00bb: Waiting
fb032feb00bb: Pushed
dc69979cce7a: Waiting
dc69979cce7a: Waiting
dc69979cce7a: Waiting
dc69979cce7a: Waiting
dc69979cce7a: Waiting
dc69979cce7a: Waiting
4f4fb700ef54: Waiting
dc69979cce7a: Pushed
4f4fb700ef54: Waiting
4f4fb700ef54: Waiting
4f4fb700ef54: Waiting
4f4fb700ef54: Waiting
4f4fb700ef54: Waiting
8061545fd4aa: Waiting
7962e2b983fd: Pushed
8061545fd4aa: Waiting
8061545fd4aa: Waiting
8061545fd4aa: Waiting
659b98540dbb: Waiting
2726e237d1a3: Pushed
8061545fd4aa: Waiting
659b98540dbb: Waiting
8061545fd4aa: Waiting
4f4fb700ef54: Pushed
659b98540dbb: Waiting
659b98540dbb: Waiting
659b98540dbb: Waiting
659b98540dbb: Waiting
8061545fd4aa: Pushed
659b98540dbb: Pushed
b65af0a51d86: Pushed
27484d38acca: Pushed
latest: digest: sha256:03dbf9e6652b4759a24fb2f9144b37c94abf68f1f0b3133dec35353a4faeeb50 size: 856

[7] Yêu cầu K3s triển khai ứng dụng (Kèm tên miền & SSL)...
> Chạy lệnh: kubectl apply -f k8s/deployment.yaml
deployment.apps/javascripts created

> Chạy lệnh: kubectl apply -f k8s/service.yaml
service/javascripts created

> Chạy lệnh: kubectl apply -f k8s/ingress.yaml
ingress.networking.k8s.io/javascripts created

=== [HOÀN TẤT] Ứng dụng đã online tại https://javascripts.vibe.quyenlt.com ===
DONE
🤖 [Hermes AI] Đang gửi phân tích tới Model [stepfun/step-3.7-flash:free]...
⚠️ Model [stepfun/step-3.7-flash:free] gặp Rate Limit 429. Đang chuyển sang model tiếp theo...
🤖 [Hermes AI] Đang gửi phân tích tới Model [poolside/laguna-s-2.1:free]...
🤖 [Hermes AI] Đang gửi phân tích tới Model [upstage/solar-pro4:free]...
