=== [BẮT ĐẦU DEPLOY] python2 ===
[1] Đang clone repo: https://github.com/tobi1008/vibe-hosting.git...
> Chạy lệnh: git clone https://github.com/tobi1008/vibe-hosting.git /opt/vibe-hosting/workspaces/python2
[2] Đang quét cấu trúc mã nguồn...
> Chạy lệnh: tree -I node_modules|.git|venv /opt/vibe-hosting/workspaces/python2
/opt/vibe-hosting/workspaces/python2
├── app.py
├── README.md
├── requirements.txt
├── static
│   ├── css
│   │   └── style.css
│   └── js
│       └── main.js
└── templates
    └── index.html

4 directories, 6 files


[3] (Lần thử 1/3) Gọi AI phân tích cấu hình & đánh giá mã nguồn...
 🛠️ [AUTO-HEAL] AI đang tự động vá lỗi file: app.py...
[4] Đang lưu cấu hình K3s & Nixpacks...
[5] Bắt đầu build Docker image (tobi1008/python2:latest)...
> Chạy lệnh: nixpacks build . --name tobi1008/python2:latest

╔══════════════════════════════ Nixpacks v1.41.0 ══════════════════════════════╗
║ setup      │ python3, gcc                                                    ║
║──────────────────────────────────────────────────────────────────────────────║
║ install    │ python -m venv --copies /opt/venv && . /opt/venv/bin/activate   ║
║            │ && pip install -r requirements.txt                              ║
║──────────────────────────────────────────────────────────────────────────────║
║ start      │ export FLASK_APP=app.py && flask run --host=0.0.0.0             ║
║            │ --port=${PORT:-5000}                                            ║
╚══════════════════════════════════════════════════════════════════════════════╝

=== Successfully Built! ===

Run:
  docker run -it tobi1008/python2:latest

[6] Đang đẩy Image lên Docker Hub (tobi1008)...
> Chạy lệnh: docker push tobi1008/python2:latest
The push refers to repository [docker.io/tobi1008/python2]
7962e2b983fd: Waiting
2726e237d1a3: Waiting
786d5b12ed13: Waiting
44136fa355b3: Waiting
2726e237d1a3: Waiting
786d5b12ed13: Waiting
44136fa355b3: Waiting
7962e2b983fd: Waiting
7962e2b983fd: Waiting
2726e237d1a3: Waiting
786d5b12ed13: Waiting
44136fa355b3: Waiting
2726e237d1a3: Waiting
786d5b12ed13: Waiting
44136fa355b3: Waiting
7962e2b983fd: Waiting
786d5b12ed13: Waiting
44136fa355b3: Waiting
7962e2b983fd: Waiting
2726e237d1a3: Waiting
786d5b12ed13: Waiting
44136fa355b3: Waiting
7962e2b983fd: Waiting
2726e237d1a3: Waiting
786d5b12ed13: Waiting
44136fa355b3: Waiting
7962e2b983fd: Waiting
2726e237d1a3: Waiting
7962e2b983fd: Waiting
2726e237d1a3: Waiting
786d5b12ed13: Waiting
44136fa355b3: Waiting
786d5b12ed13: Waiting
44136fa355b3: Waiting
7962e2b983fd: Waiting
2726e237d1a3: Waiting
786d5b12ed13: Waiting
44136fa355b3: Waiting
7962e2b983fd: Waiting
2726e237d1a3: Waiting
786d5b12ed13: Waiting
44136fa355b3: Waiting
7962e2b983fd: Waiting
2726e237d1a3: Waiting
786d5b12ed13: Waiting
44136fa355b3: Waiting
7962e2b983fd: Waiting
2726e237d1a3: Waiting
7962e2b983fd: Waiting
2726e237d1a3: Waiting
786d5b12ed13: Waiting
44136fa355b3: Waiting
7962e2b983fd: Waiting
2726e237d1a3: Waiting
786d5b12ed13: Waiting
44136fa355b3: Waiting
786d5b12ed13: Waiting
44136fa355b3: Waiting
7962e2b983fd: Waiting
2726e237d1a3: Waiting
786d5b12ed13: Waiting
44136fa355b3: Waiting
7962e2b983fd: Waiting
2726e237d1a3: Waiting
786d5b12ed13: Waiting
44136fa355b3: Waiting
7962e2b983fd: Waiting
2726e237d1a3: Waiting
786d5b12ed13: Waiting
44136fa355b3: Waiting
7962e2b983fd: Waiting
2726e237d1a3: Waiting
786d5b12ed13: Waiting
44136fa355b3: Waiting
7962e2b983fd: Waiting
2726e237d1a3: Waiting
786d5b12ed13: Waiting
44136fa355b3: Waiting
7962e2b983fd: Waiting
2726e237d1a3: Waiting
7962e2b983fd: Waiting
2726e237d1a3: Waiting
786d5b12ed13: Waiting
44136fa355b3: Waiting
44136fa355b3: Waiting
7962e2b983fd: Waiting
2726e237d1a3: Waiting
44136fa355b3: Waiting
7962e2b983fd: Waiting
2726e237d1a3: Waiting
786d5b12ed13: Pushed
b65af0a51d86: Waiting
866b26ac4e47: Waiting
b65af0a51d86: Waiting
866b26ac4e47: Waiting
ae28d8886667: Waiting
44136fa355b3: Pushed
ae28d8886667: Waiting
b65af0a51d86: Waiting
866b26ac4e47: Waiting
ae28d8886667: Waiting
b65af0a51d86: Waiting
866b26ac4e47: Waiting
b65af0a51d86: Waiting
866b26ac4e47: Waiting
ae28d8886667: Waiting
b65af0a51d86: Waiting
866b26ac4e47: Waiting
ae28d8886667: Waiting
ae28d8886667: Waiting
b65af0a51d86: Waiting
866b26ac4e47: Waiting
866b26ac4e47: Pushed
2ff48351d1f6: Waiting
2ff48351d1f6: Waiting
1b2935b059b4: Waiting
ae28d8886667: Pushed
2ff48351d1f6: Waiting
1b2935b059b4: Waiting
2ff48351d1f6: Waiting
1b2935b059b4: Waiting
1b2935b059b4: Waiting
2ff48351d1f6: Waiting
2ff48351d1f6: Waiting
1b2935b059b4: Waiting
1b2935b059b4: Waiting
2ff48351d1f6: Waiting
2ff48351d1f6: Waiting
1b2935b059b4: Waiting
2ff48351d1f6: Waiting
1b2935b059b4: Waiting
1b2935b059b4: Waiting
2ff48351d1f6: Waiting
07d4d1b751cd: Waiting
2ff48351d1f6: Mounted from tobi1008/python
1b2935b059b4: Waiting
07d4d1b751cd: Waiting
5fe3f8503107: Waiting
1b2935b059b4: Mounted from tobi1008/python
07d4d1b751cd: Waiting
5fe3f8503107: Waiting
07d4d1b751cd: Waiting
5fe3f8503107: Waiting
5fe3f8503107: Waiting
07d4d1b751cd: Waiting
07d4d1b751cd: Waiting
5fe3f8503107: Waiting
5fe3f8503107: Waiting
8ec45a8e4073: Waiting
07d4d1b751cd: Pushed
8ec45a8e4073: Waiting
8ec45a8e4073: Waiting
8ec45a8e4073: Waiting
8ec45a8e4073: Waiting
8ec45a8e4073: Waiting
4f4fb700ef54: Waiting
8ec45a8e4073: Pushed
4f4fb700ef54: Waiting
4f4fb700ef54: Waiting
4f4fb700ef54: Waiting
4f4fb700ef54: Waiting
4f4fb700ef54: Waiting
5fe3f8503107: Pushed
4f4fb700ef54: Pushed
7962e2b983fd: Pushed
2726e237d1a3: Pushed
b65af0a51d86: Pushed
latest: digest: sha256:91aba228ab4e510b56a8e67019ae24fe6e6ecfd0ad0d59ee1241f0c38c5254f0 size: 856

[7] Yêu cầu K3s triển khai ứng dụng (Kèm tên miền & SSL)...
> Chạy lệnh: kubectl apply -f k8s/deployment.yaml
deployment.apps/python2 created

> Chạy lệnh: kubectl apply -f k8s/service.yaml
service/python2 created

> Chạy lệnh: kubectl apply -f k8s/ingress.yaml
ingress.networking.k8s.io/python2 created

=== [HOÀN TẤT] Ứng dụng đã online tại https://python2.vibe.quyenlt.com ===
DONE

=== [BẮT ĐẦU XÓA DỰ ÁN] python2 ===
[1] Đang xóa khỏi cụm K3s...
[2] Đang xóa Local Docker Image...
[3] Đang gọi API Docker Hub để xóa kho chứa...
[4] Đang dọn dẹp mã nguồn trên VPS...
=== [HOÀN TẤT XÓA] python2 ===
DELETED
