
=== [BẮT ĐẦU TRIỂN KHAI] smmtobicom (MYSQL) ===
[0] Đang kéo mã nguồn từ GitHub...
> Chạy lệnh: rm -rf /opt/vibe-hosting/workspaces/smmtobicom
> Chạy lệnh: git clone https://github.com/tobi1008/smmtobicom.git /opt/vibe-hosting/workspaces/smmtobicom

[LỖI LỆNH] git clone https://github.com/tobi1008/smmtobicom.git /opt/vibe-hosting/workspaces/smmtobicom
Chi tiết lỗi: Cloning into '/opt/vibe-hosting/workspaces/smmtobicom'...
fatal: could not read Username for 'https://github.com': No such device or address


[LỖI NGHIÊM TRỌNG] 
[LỖI LỆNH] git clone https://github.com/tobi1008/smmtobicom.git /opt/vibe-hosting/workspaces/smmtobicom
Chi tiết lỗi: Cloning into '/opt/vibe-hosting/workspaces/smmtobicom'...
fatal: could not read Username for 'https://github.com': No such device or address

ERROR
[DB Cleanup] Đang kiểm tra và dọn dẹp Database nội bộ (StatefulSet, PVC)...

=== [BẮT ĐẦU XÓA DỰ ÁN] smmtobicom ===
[1] Đang xóa khỏi cụm K3s...
[2] Đang xóa Local Docker Image...
[3] Đang gọi API Docker Hub để xóa kho chứa...
[4] Đang dọn dẹp mã nguồn trên VPS...
=== [HOÀN TẤT XÓA] smmtobicom ===
DELETED
