=== [BẮT ĐẦU DEPLOY] thienne ===
[1] Đang clone repo: https://github.com/ThienDuong2909/TodoList.git...
> Chạy lệnh: git clone https://github.com/ThienDuong2909/TodoList.git /opt/vibe-hosting/workspaces/thienne
[2] Đang quét cấu trúc mã nguồn...
> Chạy lệnh: tree -I node_modules|.git|venv /opt/vibe-hosting/workspaces/thienne
/opt/vibe-hosting/workspaces/thienne
├── package.json
├── package-lock.json
├── public
│   ├── favicon.ico
│   ├── index.html
│   ├── logo192.png
│   ├── logo512.png
│   ├── manifest.json
│   └── robots.txt
├── README.md
├── src
│   ├── App.css
│   ├── App.js
│   ├── index.css
│   ├── index.js
│   ├── logo.svg
│   ├── reportWebVitals.js
│   └── Todo
│       ├── components
│       │   ├── Footer.js
│       │   ├── Header.js
│       │   ├── TodoItem.js
│       │   └── TodoList.js
│       ├── css
│       │   ├── base.css
│       │   └── comon.css
│       └── Todo.js
└── temp.html

5 directories, 23 files


[3] (Lần thử 1/3) Bắt đầu gọi AI phân tích mã nguồn...
⏳ Đang gửi yêu cầu tới Model: [stepfun/step-3.7-flash:free]...
✅ Model [stepfun/step-3.7-flash:free] phản hồi thành công!
[4] Đang lưu cấu hình K3s & Nixpacks...
[5] Bắt đầu build Docker image (tobi1008/thienne:latest)...
> Chạy lệnh: nixpacks build . --name tobi1008/thienne:latest

╔════════════ Nixpacks v1.41.0 ═══════════╗
║ setup      │ nodejs_20, npm-9_x         ║
║─────────────────────────────────────────║
║ install    │ npm ci                     ║
║─────────────────────────────────────────║
║ build      │ npm run build              ║
║─────────────────────────────────────────║
║ start      │ npx serve -s build -l 3000 ║
╚═════════════════════════════════════════╝

=== Successfully Built! ===

Run:
  docker run -it tobi1008/thienne:latest

[6] Đang đẩy Image lên Docker Hub (tobi1008)...
> Chạy lệnh: docker push tobi1008/thienne:latest
The push refers to repository [docker.io/tobi1008/thienne]
2726e237d1a3: Waiting
8ad435f11349: Waiting
44136fa355b3: Waiting
7962e2b983fd: Waiting
8ad435f11349: Waiting
44136fa355b3: Waiting
7962e2b983fd: Waiting
2726e237d1a3: Waiting
8ad435f11349: Waiting
44136fa355b3: Waiting
7962e2b983fd: Waiting
2726e237d1a3: Waiting
7962e2b983fd: Waiting
2726e237d1a3: Waiting
8ad435f11349: Waiting
44136fa355b3: Waiting
44136fa355b3: Waiting
7962e2b983fd: Waiting
2726e237d1a3: Waiting
8ad435f11349: Waiting
44136fa355b3: Waiting
7962e2b983fd: Waiting
2726e237d1a3: Waiting
8ad435f11349: Waiting
8ad435f11349: Waiting
44136fa355b3: Waiting
7962e2b983fd: Waiting
2726e237d1a3: Waiting
8ad435f11349: Waiting
44136fa355b3: Waiting
7962e2b983fd: Waiting
2726e237d1a3: Waiting
8ad435f11349: Waiting
44136fa355b3: Waiting
7962e2b983fd: Waiting
2726e237d1a3: Waiting
8ad435f11349: Waiting
44136fa355b3: Waiting
7962e2b983fd: Waiting
2726e237d1a3: Waiting
8ad435f11349: Waiting
44136fa355b3: Waiting
7962e2b983fd: Waiting
2726e237d1a3: Waiting
8ad435f11349: Waiting
44136fa355b3: Waiting
7962e2b983fd: Waiting
2726e237d1a3: Waiting
8ad435f11349: Waiting
44136fa355b3: Waiting
7962e2b983fd: Waiting
2726e237d1a3: Waiting
2726e237d1a3: Waiting
8ad435f11349: Waiting
44136fa355b3: Waiting
7962e2b983fd: Waiting
2726e237d1a3: Waiting
8ad435f11349: Waiting
44136fa355b3: Waiting
7962e2b983fd: Waiting
8ad435f11349: Waiting
44136fa355b3: Waiting
7962e2b983fd: Waiting
2726e237d1a3: Waiting
8ad435f11349: Waiting
44136fa355b3: Waiting
7962e2b983fd: Waiting
2726e237d1a3: Waiting
8ad435f11349: Waiting
44136fa355b3: Waiting
7962e2b983fd: Waiting
2726e237d1a3: Waiting
8ad435f11349: Waiting
44136fa355b3: Waiting
7962e2b983fd: Waiting
2726e237d1a3: Waiting
8ad435f11349: Waiting
44136fa355b3: Waiting
7962e2b983fd: Waiting
2726e237d1a3: Waiting
8ad435f11349: Waiting
44136fa355b3: Waiting
7962e2b983fd: Waiting
2726e237d1a3: Waiting
44136fa355b3: Waiting
7962e2b983fd: Waiting
2726e237d1a3: Waiting
8ad435f11349: Waiting
8ad435f11349: Waiting
44136fa355b3: Waiting
7962e2b983fd: Waiting
2726e237d1a3: Waiting
8ad435f11349: Waiting
b65af0a51d86: Waiting
44136fa355b3: Pushed
b65af0a51d86: Waiting
b65af0a51d86: Waiting
8ad435f11349: Pushed
866b26ac4e47: Waiting
ae28d8886667: Waiting
866b26ac4e47: Waiting
b65af0a51d86: Waiting
b65af0a51d86: Waiting
ae28d8886667: Waiting
866b26ac4e47: Waiting
b65af0a51d86: Waiting
ae28d8886667: Waiting
866b26ac4e47: Waiting
ae28d8886667: Waiting
866b26ac4e47: Waiting
ae28d8886667: Waiting
866b26ac4e47: Waiting
ae28d8886667: Waiting
866b26ac4e47: Pushed
494cef3b98f3: Waiting
473a0db17130: Waiting
494cef3b98f3: Waiting
ae28d8886667: Pushed
473a0db17130: Waiting
494cef3b98f3: Waiting
473a0db17130: Waiting
494cef3b98f3: Waiting
473a0db17130: Waiting
494cef3b98f3: Waiting
494cef3b98f3: Waiting
473a0db17130: Waiting
473a0db17130: Waiting
494cef3b98f3: Pushed
0821e81d95d3: Waiting
0821e81d95d3: Waiting
0821e81d95d3: Waiting
0821e81d95d3: Waiting
0821e81d95d3: Waiting
0821e81d95d3: Waiting
0821e81d95d3: Pushed
47862f77a1c5: Waiting
47862f77a1c5: Waiting
47862f77a1c5: Waiting
47862f77a1c5: Waiting
47862f77a1c5: Waiting
47862f77a1c5: Waiting
47862f77a1c5: Waiting
4f4fb700ef54: Waiting
2726e237d1a3: Pushed
4f4fb700ef54: Waiting
4f4fb700ef54: Waiting
4f4fb700ef54: Waiting
4f4fb700ef54: Waiting
4f4fb700ef54: Waiting
cdad522498cc: Waiting
4f4fb700ef54: Pushed
cdad522498cc: Waiting
cdad522498cc: Waiting
cdad522498cc: Waiting
cdad522498cc: Waiting
cdad522498cc: Waiting
831aeb31dde5: Waiting
cdad522498cc: Pushed
831aeb31dde5: Waiting
831aeb31dde5: Waiting
831aeb31dde5: Waiting
831aeb31dde5: Waiting
831aeb31dde5: Waiting
831aeb31dde5: Pushed
4f4fb700ef54: Pushed
7962e2b983fd: Pushed
47862f77a1c5: Pushed
b65af0a51d86: Pushed
473a0db17130: Pushed
latest: digest: sha256:366cb143321ed14b84ccc561b5d5a9ae6e4511d822452e81160e43177e074e90 size: 856

[7] Yêu cầu K3s triển khai ứng dụng (Kèm tên miền & SSL)...
> Chạy lệnh: kubectl apply -f k8s/deployment.yaml
deployment.apps/thienne created

> Chạy lệnh: kubectl apply -f k8s/service.yaml
service/thienne created

> Chạy lệnh: kubectl apply -f k8s/ingress.yaml
ingress.networking.k8s.io/thienne created

=== [HOÀN TẤT] Ứng dụng đã online tại https://thienne.vibe.quyenlt.com ===
DONE
