🚀 [INIT] Đã tiếp nhận yêu cầu triển khai Fullstack: tttn-3tshop-fe
   - Frontend: tttn3tshopfe.vibe.quyenlt.com (https://github.com/ThienDuong2909/TTTN_3TShop_FE.git)
   - Backend : api-tttn3tshopfe.vibe.quyenlt.com (https://github.com/ThienDuong2909/TTTN_3TShop_BE_CL.git)
   - Database: MYSQL
---------------------------------------------------

=== [BẮT ĐẦU TRIỂN KHAI FULLSTACK] tttn-3tshop-fe ===

--- BƯỚC 1: KHỞI TẠO DATABASE CHUNG (MYSQL) ---
> Chạy lệnh: kubectl apply -f /opt/vibe-hosting/workspaces/tttn-3tshop-fe-be/k8s/db.yaml
persistentvolumeclaim/tttn-3tshop-fe-db-pvc created
statefulset.apps/tttn-3tshop-fe-db created
service/tttn-3tshop-fe-db-svc created


[DB Backup] Đang nạp dữ liệu từ file (tttn-3tshop-fe_thienduong_3tshop_tttn.sql) vào MYSQL...
   -> Nạp dữ liệu backup thành công 100%!

--- BƯỚC 2: TRIỂN KHAI BACKEND (api-tttn3tshopfe.vibe.quyenlt.com) ---
> Chạy lệnh: rm -rf /opt/vibe-hosting/workspaces/tttn-3tshop-fe-be
> Chạy lệnh: git clone https://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@github.com/ThienDuong2909/TTTN_3TShop_BE_CL.git /opt/vibe-hosting/workspaces/tttn-3tshop-fe-be
[AI] Đang phân tích mã nguồn Backend và cấu hình kết nối DB...
⏳ Đang kết nối Model: [stepfun/step-3.7-flash:free]...
⚠️ Model [stepfun/step-3.7-flash:free] phản hồi không khả dụng. Thử model khác...
⏳ Đang kết nối Model: [poolside/laguna-s-2.1:free]...
✅ Model [poolside/laguna-s-2.1:free] xử lý thành công!
   -> Cổng hoạt động của Backend: 8080
   -> [Auto-Fix] Chuẩn hóa ESM sang CommonJS tại: formatter.js
Đang build Backend Image (tobi1008/tttn-3tshop-fe-be:latest)...
> Chạy lệnh: nixpacks build . --name tobi1008/tttn-3tshop-fe-be:latest

╔════════ Nixpacks v1.41.0 ═══════╗
║ setup      │ nodejs_18, npm-9_x ║
║─────────────────────────────────║
║ install    │ npm ci             ║
║─────────────────────────────────║
║ start      │ npm run start      ║
╚═════════════════════════════════╝

=== Successfully Built! ===

Run:
  docker run -it tobi1008/tttn-3tshop-fe-be:latest

> Chạy lệnh: docker push tobi1008/tttn-3tshop-fe-be:latest
The push refers to repository [docker.io/tobi1008/tttn-3tshop-fe-be]
7f74f50e6cf5: Waiting
44136fa355b3: Waiting
7962e2b983fd: Waiting
2726e237d1a3: Waiting
7f74f50e6cf5: Waiting
44136fa355b3: Waiting
7962e2b983fd: Waiting
2726e237d1a3: Waiting
7f74f50e6cf5: Waiting
44136fa355b3: Waiting
7962e2b983fd: Waiting
2726e237d1a3: Waiting
7f74f50e6cf5: Waiting
44136fa355b3: Waiting
7962e2b983fd: Waiting
2726e237d1a3: Waiting
7f74f50e6cf5: Waiting
44136fa355b3: Waiting
7962e2b983fd: Waiting
2726e237d1a3: Waiting
7f74f50e6cf5: Waiting
44136fa355b3: Waiting
7962e2b983fd: Waiting
2726e237d1a3: Waiting
7f74f50e6cf5: Waiting
44136fa355b3: Waiting
7962e2b983fd: Waiting
2726e237d1a3: Waiting
7f74f50e6cf5: Waiting
44136fa355b3: Waiting
7962e2b983fd: Waiting
2726e237d1a3: Waiting
44136fa355b3: Waiting
7962e2b983fd: Waiting
2726e237d1a3: Waiting
7f74f50e6cf5: Waiting
7f74f50e6cf5: Waiting
44136fa355b3: Waiting
7962e2b983fd: Waiting
2726e237d1a3: Waiting
7f74f50e6cf5: Waiting
44136fa355b3: Waiting
7962e2b983fd: Waiting
2726e237d1a3: Waiting
44136fa355b3: Waiting
7962e2b983fd: Waiting
2726e237d1a3: Waiting
7f74f50e6cf5: Waiting
44136fa355b3: Waiting
7962e2b983fd: Waiting
2726e237d1a3: Waiting
7f74f50e6cf5: Waiting
7f74f50e6cf5: Waiting
44136fa355b3: Waiting
7962e2b983fd: Waiting
2726e237d1a3: Waiting
2726e237d1a3: Waiting
7f74f50e6cf5: Waiting
44136fa355b3: Waiting
7962e2b983fd: Waiting
2726e237d1a3: Waiting
b65af0a51d86: Waiting
7f74f50e6cf5: Waiting
44136fa355b3: Already exists
7962e2b983fd: Waiting
7f74f50e6cf5: Waiting
7962e2b983fd: Waiting
2726e237d1a3: Waiting
b65af0a51d86: Waiting
7f74f50e6cf5: Waiting
866b26ac4e47: Waiting
7962e2b983fd: Layer already exists
2726e237d1a3: Layer already exists
b65af0a51d86: Waiting
ae28d8886667: Waiting
7f74f50e6cf5: Waiting
866b26ac4e47: Waiting
b65af0a51d86: Waiting
ae28d8886667: Waiting
b65af0a51d86: Waiting
ae28d8886667: Waiting
7f74f50e6cf5: Waiting
866b26ac4e47: Waiting
2d2e586387f8: Waiting
b65af0a51d86: Layer already exists
ae28d8886667: Layer already exists
c33077bd2581: Waiting
7f74f50e6cf5: Waiting
866b26ac4e47: Layer already exists
c97cc5131b74: Waiting
7f74f50e6cf5: Waiting
c97cc5131b74: Waiting
2d2e586387f8: Waiting
c33077bd2581: Waiting
c33077bd2581: Waiting
7f74f50e6cf5: Waiting
8a25bc73aa0b: Waiting
c97cc5131b74: Layer already exists
2d2e586387f8: Layer already exists
55ac11d96d2d: Waiting
55ac11d96d2d: Waiting
c33077bd2581: Waiting
8a25bc73aa0b: Waiting
55ac11d96d2d: Waiting
c33077bd2581: Waiting
8a25bc73aa0b: Waiting
8a25bc73aa0b: Waiting
55ac11d96d2d: Waiting
c33077bd2581: Waiting
8a25bc73aa0b: Waiting
55ac11d96d2d: Waiting
8a25bc73aa0b: Waiting
55ac11d96d2d: Waiting
4f4fb700ef54: Waiting
7f74f50e6cf5: Pushed
4f4fb700ef54: Waiting
4f4fb700ef54: Layer already exists
55ac11d96d2d: Pushed
c33077bd2581: Pushed
8a25bc73aa0b: Pushed
latest: digest: sha256:de53b93fec178707684f768594665c99f5bd0603ac2219d50b81148d8b94ea7a size: 856

> Chạy lệnh: kubectl apply -f /opt/vibe-hosting/workspaces/tttn-3tshop-fe-be/k8s/deployment.yaml
deployment.apps/tttn-3tshop-fe-be created

> Chạy lệnh: kubectl apply -f /opt/vibe-hosting/workspaces/tttn-3tshop-fe-be/k8s/service.yaml
service/tttn-3tshop-fe-be-svc created

> Chạy lệnh: kubectl apply -f /opt/vibe-hosting/workspaces/tttn-3tshop-fe-be/k8s/ingress.yaml
ingress.networking.k8s.io/tttn-3tshop-fe-be-ingress created

✅ Backend đã online tại: https://api-tttn3tshopfe.vibe.quyenlt.com

--- BƯỚC 3: TRIỂN KHAI FRONTEND (tttn3tshopfe.vibe.quyenlt.com) ---
> Chạy lệnh: rm -rf /opt/vibe-hosting/workspaces/tttn-3tshop-fe-fe
> Chạy lệnh: git clone https://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@github.com/ThienDuong2909/TTTN_3TShop_FE.git /opt/vibe-hosting/workspaces/tttn-3tshop-fe-fe
[FE Linker] Đang liên kết Frontend tới Backend API (https://api-tttn3tshopfe.vibe.quyenlt.com)...
   -> Thay thế hardcode localhost trong: usePurchaseOrderData.ts
   -> Cổng hoạt động của Frontend: 3000
Đang build Frontend Image (tobi1008/tttn-3tshop-fe-fe:latest)...
> Chạy lệnh: nixpacks build . --name tobi1008/tttn-3tshop-fe-fe:latest

╔══════════════════════════════ Nixpacks v1.41.0 ══════════════════════════════╗
║ setup      │ nodejs_18, npm-9_x                                              ║
║──────────────────────────────────────────────────────────────────────────────║
║ caddy      │ pkgs: caddy                                                     ║
║            │ cmds: caddy fmt --overwrite /assets/Caddyfile                   ║
║──────────────────────────────────────────────────────────────────────────────║
║ install    │ npm ci                                                          ║
║──────────────────────────────────────────────────────────────────────────────║
║ build      │ npm run build                                                   ║
║──────────────────────────────────────────────────────────────────────────────║
║ start      │ exec caddy run --config /assets/Caddyfile --adapter caddyfile   ║
║            │ 2>&1                                                            ║
╚══════════════════════════════════════════════════════════════════════════════╝

=== Successfully Built! ===

Run:
  docker run -it tobi1008/tttn-3tshop-fe-fe:latest

> Chạy lệnh: docker push tobi1008/tttn-3tshop-fe-fe:latest
The push refers to repository [docker.io/tobi1008/tttn-3tshop-fe-fe]
379be57e3bf0: Waiting
44136fa355b3: Waiting
7962e2b983fd: Waiting
2726e237d1a3: Waiting
2726e237d1a3: Waiting
379be57e3bf0: Waiting
44136fa355b3: Waiting
7962e2b983fd: Waiting
2726e237d1a3: Waiting
379be57e3bf0: Waiting
44136fa355b3: Waiting
7962e2b983fd: Waiting
379be57e3bf0: Waiting
44136fa355b3: Waiting
7962e2b983fd: Waiting
2726e237d1a3: Waiting
379be57e3bf0: Waiting
44136fa355b3: Waiting
7962e2b983fd: Waiting
2726e237d1a3: Waiting
379be57e3bf0: Waiting
44136fa355b3: Waiting
7962e2b983fd: Waiting
2726e237d1a3: Waiting
7962e2b983fd: Waiting
2726e237d1a3: Waiting
379be57e3bf0: Waiting
44136fa355b3: Waiting
379be57e3bf0: Waiting
44136fa355b3: Waiting
7962e2b983fd: Waiting
2726e237d1a3: Waiting
7962e2b983fd: Waiting
2726e237d1a3: Waiting
379be57e3bf0: Waiting
44136fa355b3: Waiting
379be57e3bf0: Waiting
44136fa355b3: Waiting
7962e2b983fd: Waiting
2726e237d1a3: Waiting
379be57e3bf0: Waiting
44136fa355b3: Waiting
7962e2b983fd: Waiting
2726e237d1a3: Waiting
379be57e3bf0: Waiting
44136fa355b3: Waiting
7962e2b983fd: Waiting
2726e237d1a3: Waiting
379be57e3bf0: Waiting
44136fa355b3: Waiting
7962e2b983fd: Waiting
2726e237d1a3: Waiting
7962e2b983fd: Waiting
2726e237d1a3: Waiting
379be57e3bf0: Waiting
44136fa355b3: Waiting
2726e237d1a3: Layer already exists
b65af0a51d86: Waiting
379be57e3bf0: Waiting
44136fa355b3: Waiting
7962e2b983fd: Waiting
379be57e3bf0: Waiting
44136fa355b3: Waiting
7962e2b983fd: Waiting
b65af0a51d86: Waiting
379be57e3bf0: Waiting
44136fa355b3: Waiting
7962e2b983fd: Waiting
b65af0a51d86: Waiting
379be57e3bf0: Waiting
44136fa355b3: Waiting
7962e2b983fd: Layer already exists
866b26ac4e47: Waiting
b65af0a51d86: Waiting
ae28d8886667: Waiting
866b26ac4e47: Waiting
b65af0a51d86: Waiting
ae28d8886667: Waiting
379be57e3bf0: Waiting
44136fa355b3: Waiting
b65af0a51d86: Layer already exists
ae28d8886667: Waiting
ffbbea5c53ef: Waiting
379be57e3bf0: Waiting
44136fa355b3: Already exists
8a724f054f7b: Waiting
866b26ac4e47: Waiting
9618af2b04ca: Waiting
8a724f054f7b: Waiting
866b26ac4e47: Layer already exists
cb82de013151: Waiting
ae28d8886667: Layer already exists
ffbbea5c53ef: Waiting
ffbbea5c53ef: Waiting
9618af2b04ca: Waiting
8a724f054f7b: Waiting
cb82de013151: Waiting
4f4fb700ef54: Waiting
8a724f054f7b: Layer already exists
b5ff6782b386: Waiting
ffbbea5c53ef: Layer already exists
ebb8b4d46f28: Waiting
9618af2b04ca: Layer already exists
12bdadefb1bf: Waiting
cb82de013151: Layer already exists
b5ff6782b386: Waiting
ebb8b4d46f28: Waiting
12bdadefb1bf: Waiting
4f4fb700ef54: Waiting
b72e703a3893: Waiting
b5ff6782b386: Layer already exists
ebb8b4d46f28: Waiting
12bdadefb1bf: Layer already exists
4f4fb700ef54: Waiting
4f4fb700ef54: Layer already exists
b72e703a3893: Waiting
1cbbe08e244e: Waiting
ac3fc002299b: Waiting
ebb8b4d46f28: Layer already exists
1cbbe08e244e: Waiting
ac3fc002299b: Waiting
b72e703a3893: Layer already exists
ac3fc002299b: Layer already exists
1cbbe08e244e: Layer already exists
379be57e3bf0: Pushed
latest: digest: sha256:0c4d9e379bff6c3994ae68d11e160d718cf94f1438d2e6bc242d75a9d244717d size: 856

> Chạy lệnh: kubectl apply -f /opt/vibe-hosting/workspaces/tttn-3tshop-fe-fe/k8s/deployment.yaml
deployment.apps/tttn-3tshop-fe-fe created

> Chạy lệnh: kubectl apply -f /opt/vibe-hosting/workspaces/tttn-3tshop-fe-fe/k8s/service.yaml
service/tttn-3tshop-fe-fe-svc created

> Chạy lệnh: kubectl apply -f /opt/vibe-hosting/workspaces/tttn-3tshop-fe-fe/k8s/ingress.yaml
ingress.networking.k8s.io/tttn-3tshop-fe-fe-ingress created

✅ Frontend đã online tại: https://tttn3tshopfe.vibe.quyenlt.com

=== HOÀN TẤT TRIỂN KHAI CỤM FULLSTACK ===
Frontend: https://tttn3tshopfe.vibe.quyenlt.com
Backend : https://api-tttn3tshopfe.vibe.quyenlt.com
DONE
[Cleanup] Đang dọn dẹp cụm tttn-3tshop-fe (Database, Backend, Frontend)...
[Cleanup] Đã dọn dẹp hoàn tất toàn bộ tài nguyên của tttn-3tshop-fe!

=== [BẮT ĐẦU XÓA DỰ ÁN] tttn-3tshop-fe ===
[1] Đang xóa khỏi cụm K3s...
[2] Đang xóa Local Docker Image...
[3] Đang gọi API Docker Hub để xóa kho chứa...
[4] Đang dọn dẹp mã nguồn trên VPS...
=== [HOÀN TẤT XÓA] tttn-3tshop-fe ===
DELETED
